<html>
<body>
<pre>
<h1>µVision Build Log</h1>
<h2>Tool Versions:</h2>
IDE-Version: ¦ÌVision V5.37.0.0
Copyright (C) 2022 ARM Ltd and ARM Germany GmbH. All rights reserved.
License Information: 1 think, 1, LIC=HN0AE-5JDPS-AR5XW-Q6ZH9-D1AVA-I8PD9
 
Tool Versions:
Toolchain:       MDK-ARM Plus  Version: 5.37.0.0
Toolchain Path:  D:\software\Keil5\ARM\ARMCLANG\Bin
C Compiler:      ArmClang.exe V6.18
Assembler:       Armasm.exe V6.18
Linker/Locator:  ArmLink.exe V6.18
Library Manager: ArmAr.exe V6.18
Hex Converter:   FromElf.exe V6.18
CPU DLL:         SARMCM3.DLL V5.37.0.0
Dialog DLL:      DCM.DLL V1.17.5.0
Target DLL:      Segger\JL2CM3.dll V2.99.42.0
Dialog DLL:      TCM.DLL V1.56.1.0
 
<h2>Project:</h2>
E:\workspace\lab\mycode\third\rt-thread\bsp\stm32\stm32f429-atk-apollo\project.uvprojx
Project File Date:  05/18/2023

<h2>Output:</h2>
*** Using Compiler 'V6.18', folder: 'D:\software\Keil5\ARM\ARMCLANG\Bin'
Rebuild target 'rt-thread'
compiling syscall_mem.c...
compiling syscalls.c...
compiling mnt.c...
compiling cstdio.c...
compiling cctype.c...
compiling div0.c...
compiling cwchar.c...
assembling context_rvds.S...
compiling showmem.c...
compiling cstdlib.c...
compiling atomic_arm.c...
compiling main.c...
compiling cstring.c...
compiling ctime.c...
compiling cpuport.c...
compiling completion.c...
assembling startup_stm32f429xx.s...
compiling pipe.c...
compiling waitqueue.c...
compiling dataqueue.c...
compiling pin.c...
compiling ringblk_buf.c...
compiling ringbuffer.c...
compiling workqueue.c...
compiling board.c...
compiling serial.c...
compiling drv_common.c...
compiling devfs.c...
compiling clock.c...
compiling stm32f4xx_hal_msp.c...
compiling components.c...
compiling drv_gpio.c...
compiling dfs_fs.c...
compiling dfs_file.c...
compiling dfs_posix.c...
compiling dfs.c...
compiling idle.c...
compiling drv_usart.c...
compiling device.c...
compiling irq.c...
compiling scheduler_up.c...
compiling mempool.c...
compiling object.c...
compiling memheap.c...
compiling timer.c...
compiling thread.c...
compiling stm32f4xx_hal_cryp_ex.c...
compiling stm32f4xx_hal_rng.c...
compiling stm32f4xx_hal_pwr_ex.c...
compiling kservice.c...
compiling stm32f4xx_hal_dma.c...
compiling stm32f4xx_hal_usart.c...
compiling stm32f4xx_hal_cec.c...
compiling stm32f4xx_hal.c...
compiling stm32f4xx_hal_rcc_ex.c...
compiling ipc.c...
compiling system_stm32f4xx.c...
compiling stm32f4xx_hal_pwr.c...
compiling stm32f4xx_hal_crc.c...
compiling stm32f4xx_hal_dma_ex.c...
compiling stm32f4xx_hal_rcc.c...
compiling stm32f4xx_hal_cortex.c...
compiling stm32f4xx_hal_uart.c...
compiling stm32f4xx_hal_cryp.c...
compiling poll.c...
compiling select.c...
compiling stm32f4xx_hal_gpio.c...
compiling net_netdb.c...
compiling dfs_net.c...
compiling netdev_ipaddr.c...
compiling net_sockets.c...
../../../components/net/netdev/src/netdev.c(23): warning: In file included from...
../../../components/net/sal/include\sal_low_lvl.h(27): warning: redefinition of typedef 'socklen_t' is a C11 feature [-Wtypedef-redefinition]
typedef uint32_t socklen_t;
                 ^
../../../components/net/sal/include/sal_socket.h(22): note: previous definition is here
typedef uint32_t socklen_t;
                 ^
1 warning generated.
compiling netdev.c...
../../../components/net/sal/src/sal_socket.c(22): warning: In file included from...
../../../components/net/sal/include\sal_low_lvl.h(27): warning: redefinition of typedef 'socklen_t' is a C11 feature [-Wtypedef-redefinition]
typedef uint32_t socklen_t;
                 ^
../../../components/net/sal/include/sal_socket.h(22): note: previous definition is here
typedef uint32_t socklen_t;
                 ^
1 warning generated.
compiling sal_socket.c...
linking...
Program Size: Code=43422 RO-data=4238 RW-data=996 ZI-data=4860  
After Build - User command #1: fromelf --bin .\rt-thread.elf --output rt-thread.bin
".\rt-thread.elf" - 0 Error(s), 2 Warning(s).

<h2>Software Packages used:</h2>

Package Vendor: Keil
                https://www.keil.com/pack/Keil.STM32F4xx_DFP.2.17.0.pack
                Keil.STM32F4xx_DFP.2.17.0
                STMicroelectronics STM32F4 Series Device Support, Drivers and Examples

<h2>Collection of Component include folders:</h2>
  D:/software/Keil5/ARM/Packs/Keil/STM32F4xx_DFP/2.17.0/Drivers/CMSIS/Device/ST/STM32F4xx/Include

<h2>Collection of Component Files used:</h2>
Build Time Elapsed:  00:00:02
</pre>
</body>
</html>
